1 -> q0
2 -> q1
3 -> q2
4 -> q3
5 -> q4

{q0, q2}: ({q1}, a) ({q0, q2}, b) 
{q1}: ({q1}, a) ({q3}, b) 
{q3}: ({q1}, a) ({q4}, b) 
{q4}: ({q1}, a) ({q0, q2}, b) 
