999 -> q1
157 -> q0
1999256178 -> q2

{q1}: ({q1}, a) ({q0, q1}, b) 
{q0, q1}: ({q1}, a) ({q0, q1, q2}, b) 
{q0, q1, q2}: ({q1}, a) ({q0, q1, q2}, b) 
