0 -> q0
1 -> q1
2 -> q2
3 -> q3
4 -> q4
5 -> q5
6 -> q6
7 -> q7

{q0, q4}: ({q1, q7}, a) ({q3, q5}, b) 
{q6}: ({q6}, a) ({q0, q4}, b) 
{q1, q7}: ({q6}, a) ({q2}, b) 
{q3, q5}: ({q2}, a) ({q6}, b) 
{q2}: ({q0, q4}, a) ({q2}, b) 
