2 -> q0
5 -> q1
7 -> q2

{q0}: ({q1, q2}, a) 
{q1, q2}: ({q1, q2}, a) ({q2}, b) 
{q2}: ({q1, q2}, a) ({q2}, b) 

