3 -> q0
4 -> q1
5 -> q2

{q0}: ({q0}, a) ({q1, q2}, b) 
{q1, q2}: ({q0, q1, q2}, a) ({q1, q2}, b) 
{q0, q1, q2}: ({q0, q1, q2}, a) ({q1, q2}, b) 

